***********************************************************************************************
***                                                                                         ***
***                                    LINK INFORMATION                                     ***
***                                                                                         ***
***********************************************************************************************

Linker version:

  SEGGER ARM Linker 4.44.2 compiled Apr 14 2025 15:08:43
  Copyright (c) 2017-2024 SEGGER Microcontroller GmbH    www.segger.com


***********************************************************************************************
***                                                                                         ***
***                                     MODULE SUMMARY                                      ***
***                                                                                         ***
***********************************************************************************************

Memory use by input file:

  Object File                                       RX Code     RO Data     RW Data     ZI Data
  ---------------------------------------------  ----------  ----------  ----------  ----------
  main.o                                                192         872                        
  SEGGER_THUMB_Startup.o                                 20                                    
  STM32L432KC_FLASH.o                                    26                                    
  STM32L432KC_GPIO.o                                    224                                    
  STM32L432KC_RCC.o                                     192                                    
  STM32L432KC_TIM15.o                                   138                                    
  STM32L432KC_TIM16.o                                    68                                    
  stm32l432xx_Vectors.o                                 532                                    
  STM32L4xx_Startup.o                                    64                                    
  system_stm32l4xx.o                                    462          64           4            
  ---------------------------------------------  ----------  ----------  ----------  ----------
  Subtotal (10 objects)                               1 918         936           4            
  ---------------------------------------------  ----------  ----------  ----------  ----------
  SEGGER_crtinit_v7em_fpv4_sp_d16_hard_t_le_eabi_balanced.a
                                                         56                                    
  ---------------------------------------------  ----------  ----------  ----------  ----------
  Subtotal (1 archives)                                  56                                    
  ---------------------------------------------  ----------  ----------  ----------  ----------
  Linker created (shared data, fills, blocks):                       28                   2 048
  =============================================  ==========  ==========  ==========  ==========
  Total:                                              1 974         964           4       2 048
  =============================================  ==========  ==========  ==========  ==========

Memory use by archive member:

  Archive member                                    RX Code     RO Data     RW Data     ZI Data
  ---------------------------------------------  ----------  ----------  ----------  ----------
  SEGGER_crtinit.o (SEGGER_crtinit_v7em_fpv4_sp_d16_hard_t_le_eabi_balanced.a)
                                                         56                                    
  ---------------------------------------------  ----------  ----------  ----------  ----------
  Subtotal (1 members from 1 archives)                   56                                    
  Objects (10 files)                                  1 918         936           4            
  Linker created (shared data, fills, blocks):                       28                   2 048
  =============================================  ==========  ==========  ==========  ==========
  Total:                                              1 974         964           4       2 048
  =============================================  ==========  ==========  ==========  ==========

Memory use by linker:

  Description                                       RX Code     RO Data     RW Data     ZI Data
  ---------------------------------------------  ----------  ----------  ----------  ----------
  Initialization table                                               28                        
  Memory for block 'stack'                                                                2 048
  ---------------------------------------------  ----------  ----------  ----------  ----------
  Subtotal (linker created):                                         28                   2 048
  ---------------------------------------------  ----------  ----------  ----------  ----------
  Objects (10 files)                                  1 918         936           4            
  Archives (1 files)                                     56                                    
  =============================================  ==========  ==========  ==========  ==========
  Total:                                              1 974         964           4       2 048
  =============================================  ==========  ==========  ==========  ==========


***********************************************************************************************
***                                                                                         ***
***                                     SECTION DETAIL                                      ***
***                                                                                         ***
***********************************************************************************************

Sections by address:

  Range              Symbol or [section] Name         Size  Al  Init  Ac  Object File
  -----------------  -------------------------  ----------  --  ----  --  -----------
  08000000-0800018b  _vectors                          396  512
                                                                Code  RX  stm32l432xx_Vectors.o
  0800018c-080001e7  SystemInit                         92   4  Code  RX  system_stm32l4xx.o
  080001e8-08000217  MSIRangeTable                      48   4  Cnst  RO  system_stm32l4xx.o
  08000218-080002d7  main                              192   4  Code  RX  main.o
  080002d8-0800063f  notes                             872   4  Cnst  RO  main.o
  08000640-0800065f  digitalWrite                       32   4  Code  RX  STM32L432KC_GPIO.o
  08000660-080006a3  delayTIM15                         68   4  Code  RX  STM32L432KC_TIM15.o
  080006a4-080006d7  initDelayTIM16                     52   4  Code  RX  STM32L432KC_TIM16.o
  080006d8-080006e7  getStatusTIM16                     16   4  Code  RX  STM32L432KC_TIM16.o
  080006e8-080006fb  _start                             20   4  Code  RX  SEGGER_THUMB_Startup.o
  080006fc-08000723  HardFault_Handler                  40   4  Code  RX  STM32L4xx_Startup.o
  08000724-08000895  SystemCoreClockUpdate             370   4  Code  RX  system_stm32l4xx.o
  08000896-08000897  NMI_Handler                         2   2  Code  RX  stm32l432xx_Vectors.o
  08000898-080008b1  configureFlash                     26   4  Code  RX  STM32L432KC_FLASH.o
  080008b2-080008b3  MemManage_Handler                   2   2  Code  RX  stm32l432xx_Vectors.o
  080008b4-08000955  pinMode                           162   4  Code  RX  STM32L432KC_GPIO.o
  08000956-08000957  BusFault_Handler                    2   2  Code  RX  stm32l432xx_Vectors.o
  08000958-08000975  togglePin                          30   4  Code  RX  STM32L432KC_GPIO.o
  08000976-08000977  UsageFault_Handler                  2   2  Code  RX  stm32l432xx_Vectors.o
  08000978-08000a0d  configurePLL                      150   4  Code  RX  STM32L432KC_RCC.o
  08000a0e-08000a0f  SVC_Handler                         2   2  Code  RX  stm32l432xx_Vectors.o
  08000a10-08000a39  configureClock                     42   4  Code  RX  STM32L432KC_RCC.o
  08000a3a-08000a3b  DebugMon_Handler                    2   2  Code  RX  stm32l432xx_Vectors.o
  08000a3c-08000a81  initTIM15                          70   4  Code  RX  STM32L432KC_TIM15.o
  08000a82-08000a83  PendSV_Handler                      2   2  Code  RX  stm32l432xx_Vectors.o
  08000a84-08000a85  SysTick_Handler                     2   2  Code  RX  stm32l432xx_Vectors.o
  08000a86-08000a87  WWDG_IRQHandler                     2   2  Code  RX  stm32l432xx_Vectors.o
  08000a88-08000a89  PVD_PVM_IRQHandler                  2   2  Code  RX  stm32l432xx_Vectors.o
  08000a8a-08000a8b  TAMP_STAMP_IRQHandler               2   2  Code  RX  stm32l432xx_Vectors.o
  08000a8c-08000a8d  RTC_WKUP_IRQHandler                 2   2  Code  RX  stm32l432xx_Vectors.o
  08000a8e-08000a8f  FLASH_IRQHandler                    2   2  Code  RX  stm32l432xx_Vectors.o
  08000a90-08000a91  RCC_IRQHandler                      2   2  Code  RX  stm32l432xx_Vectors.o
  08000a92-08000a93  EXTI0_IRQHandler                    2   2  Code  RX  stm32l432xx_Vectors.o
  08000a94-08000a95  EXTI1_IRQHandler                    2   2  Code  RX  stm32l432xx_Vectors.o
  08000a96-08000a97  EXTI2_IRQHandler                    2   2  Code  RX  stm32l432xx_Vectors.o
  08000a98-08000a99  EXTI3_IRQHandler                    2   2  Code  RX  stm32l432xx_Vectors.o
  08000a9a-08000a9b  EXTI4_IRQHandler                    2   2  Code  RX  stm32l432xx_Vectors.o
  08000a9c-08000a9d  DMA1_Channel1_IRQHandler            2   2  Code  RX  stm32l432xx_Vectors.o
  08000a9e-08000a9f  DMA1_Channel2_IRQHandler            2   2  Code  RX  stm32l432xx_Vectors.o
  08000aa0-08000aa1  DMA1_Channel3_IRQHandler            2   2  Code  RX  stm32l432xx_Vectors.o
  08000aa2-08000aa3  DMA1_Channel4_IRQHandler            2   2  Code  RX  stm32l432xx_Vectors.o
  08000aa4-08000aa5  DMA1_Channel5_IRQHandler            2   2  Code  RX  stm32l432xx_Vectors.o
  08000aa6-08000aa7  DMA1_Channel6_IRQHandler            2   2  Code  RX  stm32l432xx_Vectors.o
  08000aa8-08000aa9  DMA1_Channel7_IRQHandler            2   2  Code  RX  stm32l432xx_Vectors.o
  08000aaa-08000aab  ADC1_IRQHandler                     2   2  Code  RX  stm32l432xx_Vectors.o
  08000aac-08000aad  CAN1_TX_IRQHandler                  2   2  Code  RX  stm32l432xx_Vectors.o
  08000aae-08000aaf  CAN1_RX0_IRQHandler                 2   2  Code  RX  stm32l432xx_Vectors.o
  08000ab0-08000ab1  CAN1_RX1_IRQHandler                 2   2  Code  RX  stm32l432xx_Vectors.o
  08000ab2-08000ab3  CAN1_SCE_IRQHandler                 2   2  Code  RX  stm32l432xx_Vectors.o
  08000ab4-08000ab5  EXTI9_5_IRQHandler                  2   2  Code  RX  stm32l432xx_Vectors.o
  08000ab6-08000ab7  TIM1_BRK_TIM15_IRQHandler           2   2  Code  RX  stm32l432xx_Vectors.o
  08000ab8-08000ab9  TIM1_UP_TIM16_IRQHandler            2   2  Code  RX  stm32l432xx_Vectors.o
  08000aba-08000abb  TIM1_TRG_COM_IRQHandler             2   2  Code  RX  stm32l432xx_Vectors.o
  08000abc-08000abd  TIM1_CC_IRQHandler                  2   2  Code  RX  stm32l432xx_Vectors.o
  08000abe-08000abf  TIM2_IRQHandler                     2   2  Code  RX  stm32l432xx_Vectors.o
  08000ac0-08000ac1  I2C1_EV_IRQHandler                  2   2  Code  RX  stm32l432xx_Vectors.o
  08000ac2-08000ac3  I2C1_ER_IRQHandler                  2   2  Code  RX  stm32l432xx_Vectors.o
  08000ac4-08000ac5  SPI1_IRQHandler                     2   2  Code  RX  stm32l432xx_Vectors.o
  08000ac6-08000ac7  USART1_IRQHandler                   2   2  Code  RX  stm32l432xx_Vectors.o
  08000ac8-08000ac9  USART2_IRQHandler                   2   2  Code  RX  stm32l432xx_Vectors.o
  08000aca-08000acb  EXTI15_10_IRQHandler                2   2  Code  RX  stm32l432xx_Vectors.o
  08000acc-08000acd  RTC_Alarm_IRQHandler                2   2  Code  RX  stm32l432xx_Vectors.o
  08000ace-08000acf  SPI3_IRQHandler                     2   2  Code  RX  stm32l432xx_Vectors.o
  08000ad0-08000ad1  TIM6_DAC_IRQHandler                 2   2  Code  RX  stm32l432xx_Vectors.o
  08000ad2-08000ad3  TIM7_IRQHandler                     2   2  Code  RX  stm32l432xx_Vectors.o
  08000ad4-08000ad5  DMA2_Channel1_IRQHandler            2   2  Code  RX  stm32l432xx_Vectors.o
  08000ad6-08000ad7  DMA2_Channel2_IRQHandler            2   2  Code  RX  stm32l432xx_Vectors.o
  08000ad8-08000ad9  DMA2_Channel3_IRQHandler            2   2  Code  RX  stm32l432xx_Vectors.o
  08000ada-08000adb  DMA2_Channel4_IRQHandler            2   2  Code  RX  stm32l432xx_Vectors.o
  08000adc-08000add  DMA2_Channel5_IRQHandler            2   2  Code  RX  stm32l432xx_Vectors.o
  08000ade-08000adf  COMP_IRQHandler                     2   2  Code  RX  stm32l432xx_Vectors.o
  08000ae0-08000ae1  LPTIM1_IRQHandler                   2   2  Code  RX  stm32l432xx_Vectors.o
  08000ae2-08000ae3  LPTIM2_IRQHandler                   2   2  Code  RX  stm32l432xx_Vectors.o
  08000ae4-08000ae5  USB_IRQHandler                      2   2  Code  RX  stm32l432xx_Vectors.o
  08000ae6-08000ae7  DMA2_Channel6_IRQHandler            2   2  Code  RX  stm32l432xx_Vectors.o
  08000ae8-08000ae9  DMA2_Channel7_IRQHandler            2   2  Code  RX  stm32l432xx_Vectors.o
  08000aea-08000aeb  LPUART1_IRQHandler                  2   2  Code  RX  stm32l432xx_Vectors.o
  08000aec-08000aed  QUADSPI_IRQHandler                  2   2  Code  RX  stm32l432xx_Vectors.o
  08000aee-08000aef  I2C3_EV_IRQHandler                  2   2  Code  RX  stm32l432xx_Vectors.o
  08000af0-08000af1  I2C3_ER_IRQHandler                  2   2  Code  RX  stm32l432xx_Vectors.o
  08000af2-08000af3  SAI1_IRQHandler                     2   2  Code  RX  stm32l432xx_Vectors.o
  08000af4-08000af5  SWPMI1_IRQHandler                   2   2  Code  RX  stm32l432xx_Vectors.o
  08000af6-08000af7  TSC_IRQHandler                      2   2  Code  RX  stm32l432xx_Vectors.o
  08000af8-08000af9  RNG_IRQHandler                      2   2  Code  RX  stm32l432xx_Vectors.o
  08000afa-08000afb  FPU_IRQHandler                      2   2  Code  RX  stm32l432xx_Vectors.o
  08000afc-08000afd  CRS_IRQHandler                      2   2  Code  RX  stm32l432xx_Vectors.o
  08000afe-08000b15  reset_handler                      24   2  Code  RX  STM32L4xx_Startup.o
  08000b16-08000b17  ( UNUSED .=.+2 )                    2   -  ----  -   -
  08000b18-08000b1b  [.init_array]                       4   4  ----  --  STM32L4xx_Startup.o
  08000b1c-08000b2b  AHBPrescTable                      16   1  Cnst  RO  system_stm32l4xx.o
  08000b2c-08000b4f  __SEGGER_init_ctors                36   4  Code  RX  SEGGER_crtinit.o (SEGGER_crtinit_v7em_fpv4_sp_d16_hard_t_le_eabi_balanced.a)
  08000b50-08000b67  __SEGGER_init_table__              24   4  Cnst  RO  [ Linker created ]
  08000b68-08000b6b  __SEGGER_init_data__                4   4  Cnst  RO  [ Linker created ]
  08000b6c-08000b7f  __SEGGER_init_copy                 20   2  Code  RX  SEGGER_crtinit.o (SEGGER_crtinit_v7em_fpv4_sp_d16_hard_t_le_eabi_balanced.a)
  08000b80-0fffffff  ( UNUSED .=.+134214784 )   134 214 784
                                                             -  ----  -   -
  10000000-10000003  SystemCoreClock                     4   4  Init  RW  system_stm32l4xx.o
  10000004-2000b7ff  ( UNUSED .=.+268482556 )   268 482 556
                                                             -  ----  -   -
  2000b800-2000bfff  [.bss.block.stack]              2 048   8  None  ZI  [ Linker created ]


***********************************************************************************************
***                                                                                         ***
***                                       SYMBOL LIST                                       ***
***                                                                                         ***
***********************************************************************************************

Function symbols by name:

  Symbol name                   Address        Size  Align  Type  Bd  Object File
  -------------------------  ----------  ----------  -----  ----  --  -----------
  ADC1_IRQHandler            0x08000AAB                  2  Code  Wk  stm32l432xx_Vectors.o
  BusFault_Handler           0x08000957                  2  Code  Wk  stm32l432xx_Vectors.o
  CAN1_RX0_IRQHandler        0x08000AAF                  2  Code  Wk  stm32l432xx_Vectors.o
  CAN1_RX1_IRQHandler        0x08000AB1                  2  Code  Wk  stm32l432xx_Vectors.o
  CAN1_SCE_IRQHandler        0x08000AB3                  2  Code  Wk  stm32l432xx_Vectors.o
  CAN1_TX_IRQHandler         0x08000AAD                  2  Code  Wk  stm32l432xx_Vectors.o
  COMP_IRQHandler            0x08000ADF                  2  Code  Wk  stm32l432xx_Vectors.o
  CRS_IRQHandler             0x08000AFD                  2  Code  Wk  stm32l432xx_Vectors.o
  DMA1_Channel1_IRQHandler   0x08000A9D                  2  Code  Wk  stm32l432xx_Vectors.o
  DMA1_Channel2_IRQHandler   0x08000A9F                  2  Code  Wk  stm32l432xx_Vectors.o
  DMA1_Channel3_IRQHandler   0x08000AA1                  2  Code  Wk  stm32l432xx_Vectors.o
  DMA1_Channel4_IRQHandler   0x08000AA3                  2  Code  Wk  stm32l432xx_Vectors.o
  DMA1_Channel5_IRQHandler   0x08000AA5                  2  Code  Wk  stm32l432xx_Vectors.o
  DMA1_Channel6_IRQHandler   0x08000AA7                  2  Code  Wk  stm32l432xx_Vectors.o
  DMA1_Channel7_IRQHandler   0x08000AA9                  2  Code  Wk  stm32l432xx_Vectors.o
  DMA2_Channel1_IRQHandler   0x08000AD5                  2  Code  Wk  stm32l432xx_Vectors.o
  DMA2_Channel2_IRQHandler   0x08000AD7                  2  Code  Wk  stm32l432xx_Vectors.o
  DMA2_Channel3_IRQHandler   0x08000AD9                  2  Code  Wk  stm32l432xx_Vectors.o
  DMA2_Channel4_IRQHandler   0x08000ADB                  2  Code  Wk  stm32l432xx_Vectors.o
  DMA2_Channel5_IRQHandler   0x08000ADD                  2  Code  Wk  stm32l432xx_Vectors.o
  DMA2_Channel6_IRQHandler   0x08000AE7                  2  Code  Wk  stm32l432xx_Vectors.o
  DMA2_Channel7_IRQHandler   0x08000AE9                  2  Code  Wk  stm32l432xx_Vectors.o
  DebugMon_Handler           0x08000A3B                  2  Code  Wk  stm32l432xx_Vectors.o
  EXTI0_IRQHandler           0x08000A93                  2  Code  Wk  stm32l432xx_Vectors.o
  EXTI15_10_IRQHandler       0x08000ACB                  2  Code  Wk  stm32l432xx_Vectors.o
  EXTI1_IRQHandler           0x08000A95                  2  Code  Wk  stm32l432xx_Vectors.o
  EXTI2_IRQHandler           0x08000A97                  2  Code  Wk  stm32l432xx_Vectors.o
  EXTI3_IRQHandler           0x08000A99                  2  Code  Wk  stm32l432xx_Vectors.o
  EXTI4_IRQHandler           0x08000A9B                  2  Code  Wk  stm32l432xx_Vectors.o
  EXTI9_5_IRQHandler         0x08000AB5                  2  Code  Wk  stm32l432xx_Vectors.o
  FLASH_IRQHandler           0x08000A8F                  2  Code  Wk  stm32l432xx_Vectors.o
  FPU_IRQHandler             0x08000AFB                  2  Code  Wk  stm32l432xx_Vectors.o
  HardFault_Handler          0x080006FD                  4  Code  Wk  STM32L4xx_Startup.o
  I2C1_ER_IRQHandler         0x08000AC3                  2  Code  Wk  stm32l432xx_Vectors.o
  I2C1_EV_IRQHandler         0x08000AC1                  2  Code  Wk  stm32l432xx_Vectors.o
  I2C3_ER_IRQHandler         0x08000AF1                  2  Code  Wk  stm32l432xx_Vectors.o
  I2C3_EV_IRQHandler         0x08000AEF                  2  Code  Wk  stm32l432xx_Vectors.o
  LPTIM1_IRQHandler          0x08000AE1                  2  Code  Wk  stm32l432xx_Vectors.o
  LPTIM2_IRQHandler          0x08000AE3                  2  Code  Wk  stm32l432xx_Vectors.o
  LPUART1_IRQHandler         0x08000AEB                  2  Code  Wk  stm32l432xx_Vectors.o
  MemManage_Handler          0x080008B3                  2  Code  Wk  stm32l432xx_Vectors.o
  NMI_Handler                0x08000897                  2  Code  Wk  stm32l432xx_Vectors.o
  PVD_PVM_IRQHandler         0x08000A89                  2  Code  Wk  stm32l432xx_Vectors.o
  PendSV_Handler             0x08000A83                  2  Code  Wk  stm32l432xx_Vectors.o
  QUADSPI_IRQHandler         0x08000AED                  2  Code  Wk  stm32l432xx_Vectors.o
  RCC_IRQHandler             0x08000A91                  2  Code  Wk  stm32l432xx_Vectors.o
  RNG_IRQHandler             0x08000AF9                  2  Code  Wk  stm32l432xx_Vectors.o
  RTC_Alarm_IRQHandler       0x08000ACD                  2  Code  Wk  stm32l432xx_Vectors.o
  RTC_WKUP_IRQHandler        0x08000A8D                  2  Code  Wk  stm32l432xx_Vectors.o
  Reset_Handler              0x08000AFF                  2  Code  Gb  STM32L4xx_Startup.o
  SAI1_IRQHandler            0x08000AF3                  2  Code  Wk  stm32l432xx_Vectors.o
  SPI1_IRQHandler            0x08000AC5                  2  Code  Wk  stm32l432xx_Vectors.o
  SPI3_IRQHandler            0x08000ACF                  2  Code  Wk  stm32l432xx_Vectors.o
  SVC_Handler                0x08000A0F                  2  Code  Wk  stm32l432xx_Vectors.o
  SWPMI1_IRQHandler          0x08000AF5                  2  Code  Wk  stm32l432xx_Vectors.o
  SysTick_Handler            0x08000A85                  2  Code  Wk  stm32l432xx_Vectors.o
  SystemCoreClockUpdate      0x08000725         370      4  Code  Gb  system_stm32l4xx.o
  SystemInit                 0x0800018D          92      4  Code  Gb  system_stm32l4xx.o
  TAMP_STAMP_IRQHandler      0x08000A8B                  2  Code  Wk  stm32l432xx_Vectors.o
  TIM1_BRK_TIM15_IRQHandler  0x08000AB7                  2  Code  Wk  stm32l432xx_Vectors.o
  TIM1_CC_IRQHandler         0x08000ABD                  2  Code  Wk  stm32l432xx_Vectors.o
  TIM1_TRG_COM_IRQHandler    0x08000ABB                  2  Code  Wk  stm32l432xx_Vectors.o
  TIM1_UP_TIM16_IRQHandler   0x08000AB9                  2  Code  Wk  stm32l432xx_Vectors.o
  TIM2_IRQHandler            0x08000ABF                  2  Code  Wk  stm32l432xx_Vectors.o
  TIM6_DAC_IRQHandler        0x08000AD1                  2  Code  Wk  stm32l432xx_Vectors.o
  TIM7_IRQHandler            0x08000AD3                  2  Code  Wk  stm32l432xx_Vectors.o
  TSC_IRQHandler             0x08000AF7                  2  Code  Wk  stm32l432xx_Vectors.o
  USART1_IRQHandler          0x08000AC7                  2  Code  Wk  stm32l432xx_Vectors.o
  USART2_IRQHandler          0x08000AC9                  2  Code  Wk  stm32l432xx_Vectors.o
  USB_IRQHandler             0x08000AE5                  2  Code  Wk  stm32l432xx_Vectors.o
  UsageFault_Handler         0x08000977                  2  Code  Wk  stm32l432xx_Vectors.o
  WWDG_IRQHandler            0x08000A87                  2  Code  Wk  stm32l432xx_Vectors.o
  __SEGGER_init_copy         0x08000B6D          20      2  Code  Wk  SEGGER_crtinit.o (SEGGER_crtinit_v7em_fpv4_sp_d16_hard_t_le_eabi_balanced.a)
  __SEGGER_init_ctors        0x08000B2D          26      4  Code  Wk  SEGGER_crtinit.o (SEGGER_crtinit_v7em_fpv4_sp_d16_hard_t_le_eabi_balanced.a)
  __SEGGER_init_done         0x080006F3                  4  Code  Gb  SEGGER_THUMB_Startup.o
  __startup_complete         0x080006F3                  4  Code  Gb  SEGGER_THUMB_Startup.o
  _start                     0x080006E9          14      4  Code  Gb  SEGGER_THUMB_Startup.o
  configureClock             0x08000A11          42      4  Code  Gb  STM32L432KC_RCC.o
  configureFlash             0x08000899          26      4  Code  Gb  STM32L432KC_FLASH.o
  configurePLL               0x08000979         150      4  Code  Gb  STM32L432KC_RCC.o
  delayTIM15                 0x08000661          68      4  Code  Gb  STM32L432KC_TIM15.o
  digitalWrite               0x08000641          32      4  Code  Gb  STM32L432KC_GPIO.o
  exit                       0x080006F7           2      4  Code  Gb  SEGGER_THUMB_Startup.o
  getStatusTIM16             0x080006D9          16      4  Code  Gb  STM32L432KC_TIM16.o
  initDelayTIM16             0x080006A5          52      4  Code  Gb  STM32L432KC_TIM16.o
  initTIM15                  0x08000A3D          70      4  Code  Gb  STM32L432KC_TIM15.o
  main                       0x08000219         192      4  Code  Gb  main.o
  pinMode                    0x080008B5         162      4  Code  Gb  STM32L432KC_GPIO.o
  reset_handler              0x08000AFF                  2  Code  Gb  STM32L4xx_Startup.o
  togglePin                  0x08000959          30      4  Code  Gb  STM32L432KC_GPIO.o

Function symbols by address:

     Address  Symbol name                      Size  Align  Type  Bd  Object File
  ----------  -------------------------  ----------  -----  ----  --  -----------
  0x0800018D  SystemInit                         92      4  Code  Gb  system_stm32l4xx.o
  0x08000219  main                              192      4  Code  Gb  main.o
  0x08000641  digitalWrite                       32      4  Code  Gb  STM32L432KC_GPIO.o
  0x08000661  delayTIM15                         68      4  Code  Gb  STM32L432KC_TIM15.o
  0x080006A5  initDelayTIM16                     52      4  Code  Gb  STM32L432KC_TIM16.o
  0x080006D9  getStatusTIM16                     16      4  Code  Gb  STM32L432KC_TIM16.o
  0x080006E9  _start                             14      4  Code  Gb  SEGGER_THUMB_Startup.o
  0x080006F3  __startup_complete                         4  Code  Gb  SEGGER_THUMB_Startup.o
  0x080006F3  __SEGGER_init_done                         4  Code  Gb  SEGGER_THUMB_Startup.o
  0x080006F7  exit                                2      4  Code  Gb  SEGGER_THUMB_Startup.o
  0x080006FD  HardFault_Handler                          4  Code  Wk  STM32L4xx_Startup.o
  0x08000725  SystemCoreClockUpdate             370      4  Code  Gb  system_stm32l4xx.o
  0x08000897  NMI_Handler                                2  Code  Wk  stm32l432xx_Vectors.o
  0x08000899  configureFlash                     26      4  Code  Gb  STM32L432KC_FLASH.o
  0x080008B3  MemManage_Handler                          2  Code  Wk  stm32l432xx_Vectors.o
  0x080008B5  pinMode                           162      4  Code  Gb  STM32L432KC_GPIO.o
  0x08000957  BusFault_Handler                           2  Code  Wk  stm32l432xx_Vectors.o
  0x08000959  togglePin                          30      4  Code  Gb  STM32L432KC_GPIO.o
  0x08000977  UsageFault_Handler                         2  Code  Wk  stm32l432xx_Vectors.o
  0x08000979  configurePLL                      150      4  Code  Gb  STM32L432KC_RCC.o
  0x08000A0F  SVC_Handler                                2  Code  Wk  stm32l432xx_Vectors.o
  0x08000A11  configureClock                     42      4  Code  Gb  STM32L432KC_RCC.o
  0x08000A3B  DebugMon_Handler                           2  Code  Wk  stm32l432xx_Vectors.o
  0x08000A3D  initTIM15                          70      4  Code  Gb  STM32L432KC_TIM15.o
  0x08000A83  PendSV_Handler                             2  Code  Wk  stm32l432xx_Vectors.o
  0x08000A85  SysTick_Handler                            2  Code  Wk  stm32l432xx_Vectors.o
  0x08000A87  WWDG_IRQHandler                            2  Code  Wk  stm32l432xx_Vectors.o
  0x08000A89  PVD_PVM_IRQHandler                         2  Code  Wk  stm32l432xx_Vectors.o
  0x08000A8B  TAMP_STAMP_IRQHandler                      2  Code  Wk  stm32l432xx_Vectors.o
  0x08000A8D  RTC_WKUP_IRQHandler                        2  Code  Wk  stm32l432xx_Vectors.o
  0x08000A8F  FLASH_IRQHandler                           2  Code  Wk  stm32l432xx_Vectors.o
  0x08000A91  RCC_IRQHandler                             2  Code  Wk  stm32l432xx_Vectors.o
  0x08000A93  EXTI0_IRQHandler                           2  Code  Wk  stm32l432xx_Vectors.o
  0x08000A95  EXTI1_IRQHandler                           2  Code  Wk  stm32l432xx_Vectors.o
  0x08000A97  EXTI2_IRQHandler                           2  Code  Wk  stm32l432xx_Vectors.o
  0x08000A99  EXTI3_IRQHandler                           2  Code  Wk  stm32l432xx_Vectors.o
  0x08000A9B  EXTI4_IRQHandler                           2  Code  Wk  stm32l432xx_Vectors.o
  0x08000A9D  DMA1_Channel1_IRQHandler                   2  Code  Wk  stm32l432xx_Vectors.o
  0x08000A9F  DMA1_Channel2_IRQHandler                   2  Code  Wk  stm32l432xx_Vectors.o
  0x08000AA1  DMA1_Channel3_IRQHandler                   2  Code  Wk  stm32l432xx_Vectors.o
  0x08000AA3  DMA1_Channel4_IRQHandler                   2  Code  Wk  stm32l432xx_Vectors.o
  0x08000AA5  DMA1_Channel5_IRQHandler                   2  Code  Wk  stm32l432xx_Vectors.o
  0x08000AA7  DMA1_Channel6_IRQHandler                   2  Code  Wk  stm32l432xx_Vectors.o
  0x08000AA9  DMA1_Channel7_IRQHandler                   2  Code  Wk  stm32l432xx_Vectors.o
  0x08000AAB  ADC1_IRQHandler                            2  Code  Wk  stm32l432xx_Vectors.o
  0x08000AAD  CAN1_TX_IRQHandler                         2  Code  Wk  stm32l432xx_Vectors.o
  0x08000AAF  CAN1_RX0_IRQHandler                        2  Code  Wk  stm32l432xx_Vectors.o
  0x08000AB1  CAN1_RX1_IRQHandler                        2  Code  Wk  stm32l432xx_Vectors.o
  0x08000AB3  CAN1_SCE_IRQHandler                        2  Code  Wk  stm32l432xx_Vectors.o
  0x08000AB5  EXTI9_5_IRQHandler                         2  Code  Wk  stm32l432xx_Vectors.o
  0x08000AB7  TIM1_BRK_TIM15_IRQHandler                  2  Code  Wk  stm32l432xx_Vectors.o
  0x08000AB9  TIM1_UP_TIM16_IRQHandler                   2  Code  Wk  stm32l432xx_Vectors.o
  0x08000ABB  TIM1_TRG_COM_IRQHandler                    2  Code  Wk  stm32l432xx_Vectors.o
  0x08000ABD  TIM1_CC_IRQHandler                         2  Code  Wk  stm32l432xx_Vectors.o
  0x08000ABF  TIM2_IRQHandler                            2  Code  Wk  stm32l432xx_Vectors.o
  0x08000AC1  I2C1_EV_IRQHandler                         2  Code  Wk  stm32l432xx_Vectors.o
  0x08000AC3  I2C1_ER_IRQHandler                         2  Code  Wk  stm32l432xx_Vectors.o
  0x08000AC5  SPI1_IRQHandler                            2  Code  Wk  stm32l432xx_Vectors.o
  0x08000AC7  USART1_IRQHandler                          2  Code  Wk  stm32l432xx_Vectors.o
  0x08000AC9  USART2_IRQHandler                          2  Code  Wk  stm32l432xx_Vectors.o
  0x08000ACB  EXTI15_10_IRQHandler                       2  Code  Wk  stm32l432xx_Vectors.o
  0x08000ACD  RTC_Alarm_IRQHandler                       2  Code  Wk  stm32l432xx_Vectors.o
  0x08000ACF  SPI3_IRQHandler                            2  Code  Wk  stm32l432xx_Vectors.o
  0x08000AD1  TIM6_DAC_IRQHandler                        2  Code  Wk  stm32l432xx_Vectors.o
  0x08000AD3  TIM7_IRQHandler                            2  Code  Wk  stm32l432xx_Vectors.o
  0x08000AD5  DMA2_Channel1_IRQHandler                   2  Code  Wk  stm32l432xx_Vectors.o
  0x08000AD7  DMA2_Channel2_IRQHandler                   2  Code  Wk  stm32l432xx_Vectors.o
  0x08000AD9  DMA2_Channel3_IRQHandler                   2  Code  Wk  stm32l432xx_Vectors.o
  0x08000ADB  DMA2_Channel4_IRQHandler                   2  Code  Wk  stm32l432xx_Vectors.o
  0x08000ADD  DMA2_Channel5_IRQHandler                   2  Code  Wk  stm32l432xx_Vectors.o
  0x08000ADF  COMP_IRQHandler                            2  Code  Wk  stm32l432xx_Vectors.o
  0x08000AE1  LPTIM1_IRQHandler                          2  Code  Wk  stm32l432xx_Vectors.o
  0x08000AE3  LPTIM2_IRQHandler                          2  Code  Wk  stm32l432xx_Vectors.o
  0x08000AE5  USB_IRQHandler                             2  Code  Wk  stm32l432xx_Vectors.o
  0x08000AE7  DMA2_Channel6_IRQHandler                   2  Code  Wk  stm32l432xx_Vectors.o
  0x08000AE9  DMA2_Channel7_IRQHandler                   2  Code  Wk  stm32l432xx_Vectors.o
  0x08000AEB  LPUART1_IRQHandler                         2  Code  Wk  stm32l432xx_Vectors.o
  0x08000AED  QUADSPI_IRQHandler                         2  Code  Wk  stm32l432xx_Vectors.o
  0x08000AEF  I2C3_EV_IRQHandler                         2  Code  Wk  stm32l432xx_Vectors.o
  0x08000AF1  I2C3_ER_IRQHandler                         2  Code  Wk  stm32l432xx_Vectors.o
  0x08000AF3  SAI1_IRQHandler                            2  Code  Wk  stm32l432xx_Vectors.o
  0x08000AF5  SWPMI1_IRQHandler                          2  Code  Wk  stm32l432xx_Vectors.o
  0x08000AF7  TSC_IRQHandler                             2  Code  Wk  stm32l432xx_Vectors.o
  0x08000AF9  RNG_IRQHandler                             2  Code  Wk  stm32l432xx_Vectors.o
  0x08000AFB  FPU_IRQHandler                             2  Code  Wk  stm32l432xx_Vectors.o
  0x08000AFD  CRS_IRQHandler                             2  Code  Wk  stm32l432xx_Vectors.o
  0x08000AFF  reset_handler                              2  Code  Gb  STM32L4xx_Startup.o
  0x08000AFF  Reset_Handler                              2  Code  Gb  STM32L4xx_Startup.o
  0x08000B2D  __SEGGER_init_ctors                26      4  Code  Wk  SEGGER_crtinit.o (SEGGER_crtinit_v7em_fpv4_sp_d16_hard_t_le_eabi_balanced.a)
  0x08000B6D  __SEGGER_init_copy                 20      2  Code  Wk  SEGGER_crtinit.o (SEGGER_crtinit_v7em_fpv4_sp_d16_hard_t_le_eabi_balanced.a)

Function symbols by descending size:

  Symbol name                      Size  Align  Type  Bd  Object File
  -------------------------  ----------  -----  ----  --  -----------
  SystemCoreClockUpdate             370      4  Code  Gb  system_stm32l4xx.o
  main                              192      4  Code  Gb  main.o
  pinMode                           162      4  Code  Gb  STM32L432KC_GPIO.o
  configurePLL                      150      4  Code  Gb  STM32L432KC_RCC.o
  SystemInit                         92      4  Code  Gb  system_stm32l4xx.o
  initTIM15                          70      4  Code  Gb  STM32L432KC_TIM15.o
  delayTIM15                         68      4  Code  Gb  STM32L432KC_TIM15.o
  initDelayTIM16                     52      4  Code  Gb  STM32L432KC_TIM16.o
  configureClock                     42      4  Code  Gb  STM32L432KC_RCC.o
  digitalWrite                       32      4  Code  Gb  STM32L432KC_GPIO.o
  togglePin                          30      4  Code  Gb  STM32L432KC_GPIO.o
  __SEGGER_init_ctors                26      4  Code  Wk  SEGGER_crtinit.o (SEGGER_crtinit_v7em_fpv4_sp_d16_hard_t_le_eabi_balanced.a)
  configureFlash                     26      4  Code  Gb  STM32L432KC_FLASH.o
  __SEGGER_init_copy                 20      2  Code  Wk  SEGGER_crtinit.o (SEGGER_crtinit_v7em_fpv4_sp_d16_hard_t_le_eabi_balanced.a)
  getStatusTIM16                     16      4  Code  Gb  STM32L432KC_TIM16.o
  _start                             14      4  Code  Gb  SEGGER_THUMB_Startup.o
  exit                                2      4  Code  Gb  SEGGER_THUMB_Startup.o
  ADC1_IRQHandler                            2  Code  Wk  stm32l432xx_Vectors.o
  BusFault_Handler                           2  Code  Wk  stm32l432xx_Vectors.o
  CAN1_RX0_IRQHandler                        2  Code  Wk  stm32l432xx_Vectors.o
  CAN1_RX1_IRQHandler                        2  Code  Wk  stm32l432xx_Vectors.o
  CAN1_SCE_IRQHandler                        2  Code  Wk  stm32l432xx_Vectors.o
  CAN1_TX_IRQHandler                         2  Code  Wk  stm32l432xx_Vectors.o
  COMP_IRQHandler                            2  Code  Wk  stm32l432xx_Vectors.o
  CRS_IRQHandler                             2  Code  Wk  stm32l432xx_Vectors.o
  DMA1_Channel1_IRQHandler                   2  Code  Wk  stm32l432xx_Vectors.o
  DMA1_Channel2_IRQHandler                   2  Code  Wk  stm32l432xx_Vectors.o
  DMA1_Channel3_IRQHandler                   2  Code  Wk  stm32l432xx_Vectors.o
  DMA1_Channel4_IRQHandler                   2  Code  Wk  stm32l432xx_Vectors.o
  DMA1_Channel5_IRQHandler                   2  Code  Wk  stm32l432xx_Vectors.o
  DMA1_Channel6_IRQHandler                   2  Code  Wk  stm32l432xx_Vectors.o
  DMA1_Channel7_IRQHandler                   2  Code  Wk  stm32l432xx_Vectors.o
  DMA2_Channel1_IRQHandler                   2  Code  Wk  stm32l432xx_Vectors.o
  DMA2_Channel2_IRQHandler                   2  Code  Wk  stm32l432xx_Vectors.o
  DMA2_Channel3_IRQHandler                   2  Code  Wk  stm32l432xx_Vectors.o
  DMA2_Channel4_IRQHandler                   2  Code  Wk  stm32l432xx_Vectors.o
  DMA2_Channel5_IRQHandler                   2  Code  Wk  stm32l432xx_Vectors.o
  DMA2_Channel6_IRQHandler                   2  Code  Wk  stm32l432xx_Vectors.o
  DMA2_Channel7_IRQHandler                   2  Code  Wk  stm32l432xx_Vectors.o
  DebugMon_Handler                           2  Code  Wk  stm32l432xx_Vectors.o
  EXTI0_IRQHandler                           2  Code  Wk  stm32l432xx_Vectors.o
  EXTI15_10_IRQHandler                       2  Code  Wk  stm32l432xx_Vectors.o
  EXTI1_IRQHandler                           2  Code  Wk  stm32l432xx_Vectors.o
  EXTI2_IRQHandler                           2  Code  Wk  stm32l432xx_Vectors.o
  EXTI3_IRQHandler                           2  Code  Wk  stm32l432xx_Vectors.o
  EXTI4_IRQHandler                           2  Code  Wk  stm32l432xx_Vectors.o
  EXTI9_5_IRQHandler                         2  Code  Wk  stm32l432xx_Vectors.o
  FLASH_IRQHandler                           2  Code  Wk  stm32l432xx_Vectors.o
  FPU_IRQHandler                             2  Code  Wk  stm32l432xx_Vectors.o
  HardFault_Handler                          4  Code  Wk  STM32L4xx_Startup.o
  I2C1_ER_IRQHandler                         2  Code  Wk  stm32l432xx_Vectors.o
  I2C1_EV_IRQHandler                         2  Code  Wk  stm32l432xx_Vectors.o
  I2C3_ER_IRQHandler                         2  Code  Wk  stm32l432xx_Vectors.o
  I2C3_EV_IRQHandler                         2  Code  Wk  stm32l432xx_Vectors.o
  LPTIM1_IRQHandler                          2  Code  Wk  stm32l432xx_Vectors.o
  LPTIM2_IRQHandler                          2  Code  Wk  stm32l432xx_Vectors.o
  LPUART1_IRQHandler                         2  Code  Wk  stm32l432xx_Vectors.o
  MemManage_Handler                          2  Code  Wk  stm32l432xx_Vectors.o
  NMI_Handler                                2  Code  Wk  stm32l432xx_Vectors.o
  PVD_PVM_IRQHandler                         2  Code  Wk  stm32l432xx_Vectors.o
  PendSV_Handler                             2  Code  Wk  stm32l432xx_Vectors.o
  QUADSPI_IRQHandler                         2  Code  Wk  stm32l432xx_Vectors.o
  RCC_IRQHandler                             2  Code  Wk  stm32l432xx_Vectors.o
  RNG_IRQHandler                             2  Code  Wk  stm32l432xx_Vectors.o
  RTC_Alarm_IRQHandler                       2  Code  Wk  stm32l432xx_Vectors.o
  RTC_WKUP_IRQHandler                        2  Code  Wk  stm32l432xx_Vectors.o
  Reset_Handler                              2  Code  Gb  STM32L4xx_Startup.o
  SAI1_IRQHandler                            2  Code  Wk  stm32l432xx_Vectors.o
  SPI1_IRQHandler                            2  Code  Wk  stm32l432xx_Vectors.o
  SPI3_IRQHandler                            2  Code  Wk  stm32l432xx_Vectors.o
  SVC_Handler                                2  Code  Wk  stm32l432xx_Vectors.o
  SWPMI1_IRQHandler                          2  Code  Wk  stm32l432xx_Vectors.o
  SysTick_Handler                            2  Code  Wk  stm32l432xx_Vectors.o
  TAMP_STAMP_IRQHandler                      2  Code  Wk  stm32l432xx_Vectors.o
  TIM1_BRK_TIM15_IRQHandler                  2  Code  Wk  stm32l432xx_Vectors.o
  TIM1_CC_IRQHandler                         2  Code  Wk  stm32l432xx_Vectors.o
  TIM1_TRG_COM_IRQHandler                    2  Code  Wk  stm32l432xx_Vectors.o
  TIM1_UP_TIM16_IRQHandler                   2  Code  Wk  stm32l432xx_Vectors.o
  TIM2_IRQHandler                            2  Code  Wk  stm32l432xx_Vectors.o
  TIM6_DAC_IRQHandler                        2  Code  Wk  stm32l432xx_Vectors.o
  TIM7_IRQHandler                            2  Code  Wk  stm32l432xx_Vectors.o
  TSC_IRQHandler                             2  Code  Wk  stm32l432xx_Vectors.o
  USART1_IRQHandler                          2  Code  Wk  stm32l432xx_Vectors.o
  USART2_IRQHandler                          2  Code  Wk  stm32l432xx_Vectors.o
  USB_IRQHandler                             2  Code  Wk  stm32l432xx_Vectors.o
  UsageFault_Handler                         2  Code  Wk  stm32l432xx_Vectors.o
  WWDG_IRQHandler                            2  Code  Wk  stm32l432xx_Vectors.o
  __SEGGER_init_done                         4  Code  Gb  SEGGER_THUMB_Startup.o
  __startup_complete                         4  Code  Gb  SEGGER_THUMB_Startup.o
  reset_handler                              2  Code  Gb  STM32L4xx_Startup.o

Read-write data symbols by name:

  Symbol name                   Address        Size  Align  Type  Bd  Object File
  -------------------------  ----------  ----------  -----  ----  --  -----------
  SystemCoreClock            0x10000000           4      4  Init  Gb  system_stm32l4xx.o

Read-write data symbols by address:

     Address  Symbol name                      Size  Align  Type  Bd  Object File
  ----------  -------------------------  ----------  -----  ----  --  -----------
  0x10000000  SystemCoreClock                     4      4  Init  Gb  system_stm32l4xx.o

Read-write data symbols by descending size:

  Symbol name                      Size  Align  Type  Bd  Object File
  -------------------------  ----------  -----  ----  --  -----------
  SystemCoreClock                     4      4  Init  Gb  system_stm32l4xx.o

Read-only data symbols by name:

  Symbol name                   Address        Size  Align  Type  Bd  Object File
  -------------------------  ----------  ----------  -----  ----  --  -----------
  AHBPrescTable              0x08000B1C          16         Cnst  Gb  system_stm32l4xx.o
  MSIRangeTable              0x080001E8          48      4  Cnst  Gb  system_stm32l4xx.o
  __SEGGER_init_data__       0x08000B68         [4]      4  Cnst  Lc  [ Linker created ]
  __SEGGER_init_table__      0x08000B50        [24]      4  Cnst  Lc  [ Linker created ]
  notes                      0x080002D8         872      4  Cnst  Gb  main.o

Read-only data symbols by address:

     Address  Symbol name                      Size  Align  Type  Bd  Object File
  ----------  -------------------------  ----------  -----  ----  --  -----------
  0x080001E8  MSIRangeTable                      48      4  Cnst  Gb  system_stm32l4xx.o
  0x080002D8  notes                             872      4  Cnst  Gb  main.o
  0x08000B1C  AHBPrescTable                      16         Cnst  Gb  system_stm32l4xx.o
  0x08000B50  __SEGGER_init_table__            [24]      4  Cnst  Lc  [ Linker created ]
  0x08000B68  __SEGGER_init_data__              [4]      4  Cnst  Lc  [ Linker created ]

Untyped symbols by name:

  Symbol name                     Value        Size  Align  Type  Bd  Object File
  -------------------------  ----------  ----------  -----  ----  --  -----------
  __FLASH1_segment_end__     0x08040000                     ----  Gb  [ Linker created ]
  __FLASH1_segment_size__    0x00040000                     ----  Gb  [ Linker created ]
  __FLASH1_segment_start__   0x08000000                     ----  Gb  [ Linker created ]
  __FLASH1_segment_used_end__
                             0x08000B80                     ----  Gb  [ Linker created ]
  __FLASH1_segment_used_size__
                             0x00000B80                     ----  Gb  [ Linker created ]
  __FLASH1_segment_used_start__
                             0x08000000                     ----  Gb  [ Linker created ]
  __FLASH_segment_end__      0x08040000                     ----  Gb  [ Linker created ]
  __FLASH_segment_size__     0x00040000                     ----  Gb  [ Linker created ]
  __FLASH_segment_start__    0x08000000                     ----  Gb  [ Linker created ]
  __FLASH_segment_used_end__
                             0x08000B80                     ----  Gb  [ Linker created ]
  __FLASH_segment_used_size__
                             0x00000B80                     ----  Gb  [ Linker created ]
  __FLASH_segment_used_start__
                             0x08000000                     ----  Gb  [ Linker created ]
  __HEAPSIZE__               0x00000400                     ----  Gb  [ Linker created ]
  __RAM1_segment_end__       0x10004000                     ----  Gb  [ Linker created ]
  __RAM1_segment_size__      0x00004000                     ----  Gb  [ Linker created ]
  __RAM1_segment_start__     0x10000000                     ----  Gb  [ Linker created ]
  __RAM1_segment_used_end__  0x10000004                     ----  Gb  [ Linker created ]
  __RAM1_segment_used_size__
                             0x00000004                     ----  Gb  [ Linker created ]
  __RAM1_segment_used_start__
                             0x10000000                     ----  Gb  [ Linker created ]
  __RAM2_segment_end__       0x2000C000                     ----  Gb  [ Linker created ]
  __RAM2_segment_size__      0x0000C000                     ----  Gb  [ Linker created ]
  __RAM2_segment_start__     0x20000000                     ----  Gb  [ Linker created ]
  __RAM2_segment_used_end__  0x2000C000                     ----  Gb  [ Linker created ]
  __RAM2_segment_used_size__
                             0x00000800                     ----  Gb  [ Linker created ]
  __RAM2_segment_used_start__
                             0x2000B800                     ----  Gb  [ Linker created ]
  __RAM_segment_end__        0x2000C000                     ----  Gb  [ Linker created ]
  __RAM_segment_size__       0x1000C000                     ----  Gb  [ Linker created ]
  __RAM_segment_start__      0x10000000                     ----  Gb  [ Linker created ]
  __RAM_segment_used_end__   0x2000C000                     ----  Gb  [ Linker created ]
  __RAM_segment_used_size__  0x1000C000                     ----  Gb  [ Linker created ]
  __RAM_segment_used_start__
                             0x10000000                     ----  Gb  [ Linker created ]
  __STACKSIZE_PROCESS__      0x00000000                     ----  Gb  [ Linker created ]
  __STACKSIZE__              0x00000800                     ----  Gb  [ Linker created ]
  __ctors_end__              0x08000B1C                     ----  Gb  [ Linker created ]
  __ctors_start__            0x08000B18                     ----  Gb  [ Linker created ]
  __stack_end__              0x2000C000                     ----  Gb  [ Linker created ]
  __thread_pointer$          0x00000000                     ----  Gb  [ Linker created ]
  _vectors                   0x08000000       [396]    512  Code  Gb  stm32l432xx_Vectors.o
  _vectors_end               0x0800018C                512  Code  Lc  stm32l432xx_Vectors.o

Untyped symbols by address:

       Value  Symbol name                      Size  Align  Type  Bd  Object File
  ----------  -------------------------  ----------  -----  ----  --  -----------
  0x00000000  __thread_pointer$                             ----  Gb  [ Linker created ]
  0x00000000  __STACKSIZE_PROCESS__                         ----  Gb  [ Linker created ]
  0x00000004  __RAM1_segment_used_size__
                                                            ----  Gb  [ Linker created ]
  0x00000400  __HEAPSIZE__                                  ----  Gb  [ Linker created ]
  0x00000800  __STACKSIZE__                                 ----  Gb  [ Linker created ]
  0x00000800  __RAM2_segment_used_size__
                                                            ----  Gb  [ Linker created ]
  0x00000B80  __FLASH_segment_used_size__
                                                            ----  Gb  [ Linker created ]
  0x00000B80  __FLASH1_segment_used_size__
                                                            ----  Gb  [ Linker created ]
  0x00004000  __RAM1_segment_size__                         ----  Gb  [ Linker created ]
  0x0000C000  __RAM2_segment_size__                         ----  Gb  [ Linker created ]
  0x00040000  __FLASH_segment_size__                        ----  Gb  [ Linker created ]
  0x00040000  __FLASH1_segment_size__                       ----  Gb  [ Linker created ]
  0x08000000  _vectors                        [396]    512  Code  Gb  stm32l432xx_Vectors.o
  0x08000000  __FLASH_segment_used_start__
                                                            ----  Gb  [ Linker created ]
  0x08000000  __FLASH_segment_start__                       ----  Gb  [ Linker created ]
  0x08000000  __FLASH1_segment_used_start__
                                                            ----  Gb  [ Linker created ]
  0x08000000  __FLASH1_segment_start__                      ----  Gb  [ Linker created ]
  0x0800018C  _vectors_end                             512  Code  Lc  stm32l432xx_Vectors.o
  0x08000B18  __ctors_start__                               ----  Gb  [ Linker created ]
  0x08000B1C  __ctors_end__                                 ----  Gb  [ Linker created ]
  0x08000B80  __FLASH_segment_used_end__
                                                            ----  Gb  [ Linker created ]
  0x08000B80  __FLASH1_segment_used_end__
                                                            ----  Gb  [ Linker created ]
  0x08040000  __FLASH_segment_end__                         ----  Gb  [ Linker created ]
  0x08040000  __FLASH1_segment_end__                        ----  Gb  [ Linker created ]
  0x10000000  __RAM_segment_used_start__
                                                            ----  Gb  [ Linker created ]
  0x10000000  __RAM_segment_start__                         ----  Gb  [ Linker created ]
  0x10000000  __RAM1_segment_used_start__
                                                            ----  Gb  [ Linker created ]
  0x10000000  __RAM1_segment_start__                        ----  Gb  [ Linker created ]
  0x10000004  __RAM1_segment_used_end__                     ----  Gb  [ Linker created ]
  0x10004000  __RAM1_segment_end__                          ----  Gb  [ Linker created ]
  0x1000C000  __RAM_segment_used_size__                     ----  Gb  [ Linker created ]
  0x1000C000  __RAM_segment_size__                          ----  Gb  [ Linker created ]
  0x20000000  __RAM2_segment_start__                        ----  Gb  [ Linker created ]
  0x2000B800  __RAM2_segment_used_start__
                                                            ----  Gb  [ Linker created ]
  0x2000C000  __stack_end__                                 ----  Gb  [ Linker created ]
  0x2000C000  __RAM_segment_used_end__                      ----  Gb  [ Linker created ]
  0x2000C000  __RAM_segment_end__                           ----  Gb  [ Linker created ]
  0x2000C000  __RAM2_segment_used_end__                     ----  Gb  [ Linker created ]
  0x2000C000  __RAM2_segment_end__                          ----  Gb  [ Linker created ]


***********************************************************************************************
***                                                                                         ***
***                                      LINK SUMMARY                                       ***
***                                                                                         ***
***********************************************************************************************

Memory breakdown:

    1 974 bytes read-only  code    + 
      964 bytes read-only  data    =   2 938 bytes read-only (total)
    2 052 bytes read-write data

Region summary:

  Name        Range                     Size                 Used               Unused       Alignment Loss
  ----------  -----------------  -----------  -------------------  -------------------  -------------------
  FLASH       08000000-0803ffff      262 144        2 942   1.12%      259 202  98.88%            0   0.00%
  RAM1        10000000-10003fff       16 384            4   0.02%       16 380  99.98%            0   0.00%
  RAM2        20000000-2000bfff       49 152        2 048   4.17%       47 104  95.83%            0   0.00%

Link complete: 0 errors, 0 warnings, 0 remarks
